 gcc -g p7final.c
 gdb a.out
GNU gdb (Ubuntu 8.1.1-0ubuntu1) 8.1.1
Copyright (C) 2018 Free Software Foundation, Inc.
License GPLv3+: GNU GPL version 3 or later <http://gnu.org/licenses/gpl.html>
This is free software: you are free to change and redistribute it.
There is NO WARRANTY, to the extent permitted by law.  Type "show copying"
and "show warranty" for details.
This GDB was configured as "x86_64-linux-gnu".
Type "show configuration" for configuration details.
For bug reporting instructions, please see:
<http://www.gnu.org/software/gdb/bugs/>.
Find the GDB manual and other documentation resources online at:
<http://www.gnu.org/software/gdb/documentation/>.
For help, type "help".
Type "apropos word" to search for commands related to "word"...
Reading symbols from a.out...done.
(gdb) b main
Breakpoint 1 at 0x86b: file p7final.c, line 23.
(gdb) r
Starting program: /home/runner/IA2-Test1-Session2/a.out 
warning: Error disabling address space randomization: Operation not permitted

Breakpoint 1, main () at p7final.c:23
23  {
(gdb) s
25    t=input_triangle();
(gdb) s
input_triangle () at p7final.c:8
8   {
(gdb) s
10    printf("Enter base and altitude of a triangle\n");
(gdb) n
Enter base and altitude of a triangle
11    scanf("%f%f",&t.base,&t.altitude);
(gdb) n
2
3
12    return t;
(gdb) n
13  }
(gdb) p t
$1 = {base = 2, altitude = 3, area = -13.0757751}
(gdb) n
main () at p7final.c:26
26    find_area(&t);
(gdb) s
find_area (t=0x7fff213e441c) at p7final.c:16
16     t->area = (t->base*t->altitude)/2;
(gdb) n
17  }
(gdb) n
main () at p7final.c:27
27    output(t);
(gdb) s
output (t=...) at p7final.c:20
20    printf("The area of triangle with base = %f and altitude = %f is %f\n",t.base,t.altitude,t.area);
(gdb) n
The area of triangle with base = 2.000000 and altitude = 3.000000 is 3.000000
21  }
(gdb) n
main () at p7final.c:28
28    return 0;
(gdb) n
29  }
(gdb) c
Continuing.
[Inferior 1 (process 652) exited normally]
(gdb) 